Downloading https://services.gradle.org/distributions/gradle-8.4-all.zip
....................10%....................20%....................30%.....................40%....